// Jest Snapshot v1, https://goo.gl/fbAQLP

exports[`<WelcomeSection /> should render the heading 1`] = `
Object {
  "asFragment": [Function],
  "baseElement": .c1 {
  position: absolute;
  right: 20px;
  top: 20px;
  outline: none;
  border: none;
  cursor: pointer;
  width: 50px;
  height: 50px;
  border-radius: 50%;
  background: transparent;
}

.c6 {
  color: inherit;
}

.c2 {
  position: relative;
  border: 1px solid #FBFBFB;
  width: 150px;
  height: 200px;
  margin: 0 auto;
}

.c2::before {
  content: '';
  z-index: 1;
  position: absolute;
  top: -40px;
  left: -40px;
  width: 60px;
  height: 60px;
  background-image: url('/svg/dots.svg');
  background-size: cover;
  background-position: center;
}

.c2 img {
  position: relative;
  z-index: 2;
  object-fit: cover;
  object-position: center;
  max-width: 150px;
  margin-left: -30px;
  margin-top: -15px;
  height: 100%;
  width: 100%;
}

.c3 {
  font-size: 2.375rem;
  color: #FBFBFB;
  font-weight: 800;
  margin-bottom: 20px;
  text-transform: uppercase;
}

.c4 {
  font-size: 1.5rem;
  color: #FBFBFB;
  font-weight: 500;
}

.c0 {
  position: relative;
  height: 60vh;
  padding: 150px 20px 0;
  background-color: #000C24;
}

.c0::before {
  content: '';
  position: absolute;
  top: -50px;
  left: -50px;
  width: 150px;
  height: 150px;
  background-image: url(/svg/blob1.svg);
  background-position: center;
  background-repeat: no-repeat;
  background-size: cover;
}

.c0 h1 {
  margin-top: 50px;
  line-height: 100%;
}

.c0 h3 {
  font-size: 1.2rem;
  margin-bottom: 2.5rem;
}

.c7 {
  height: clamp(100px,30vh,300px);
}

.c7 img {
  object-fit: cover;
  width: 100%;
}

.c5 {
  color: #FBFBFB;
  font-size: 32px;
  display: -webkit-box;
  display: -webkit-flex;
  display: -ms-flexbox;
  display: flex;
  -webkit-align-items: center;
  -webkit-box-align: center;
  -ms-flex-align: center;
  align-items: center;
  -webkit-box-pack: center;
  -webkit-justify-content: center;
  -ms-flex-pack: center;
  justify-content: center;
  gap: 1.5rem;
}

@media (min-width:900px) {
  .c5 {
    -webkit-box-pack: start;
    -webkit-justify-content: flex-start;
    -ms-flex-pack: start;
    justify-content: flex-start;
  }
}

<body>
    <div>
      <section
        class="c0"
      >
        <button
          class="c1"
        >
          <svg
            height="23"
            viewBox="0 0 23 23"
            width="23"
          >
            <path
              fill="transparent"
              stroke="white"
              stroke-linecap="square"
              stroke-width="2"
            />
            <path
              d="M 2 9.423 L 20 9.423"
              fill="transparent"
              stroke="white"
              stroke-linecap="square"
              stroke-width="2"
            />
            <path
              fill="transparent"
              stroke="white"
              stroke-linecap="square"
              stroke-width="2"
            />
          </svg>
        </button>
        <div
          class="c2"
        >
          <img
            alt="A profile picture of myself"
            src="/img/BGprofile.jpg"
          />
        </div>
        <h1
          class="c3"
        >
          HAMMER
        </h1>
        <h3
          class="c4"
        >
          Engineer + Junior Front-end Developer
        </h3>
        <div
          class="c5"
        >
          <a
            class="c6"
            href="https://github.com/GabrielHammermeister"
            target="_blank"
          >
            <svg
              fill="currentColor"
              height="1em"
              stroke="currentColor"
              stroke-width="0"
              viewBox="0 0 1024 1024"
              width="1em"
              xmlns="http://www.w3.org/2000/svg"
            >
              <path
                d="M511.6 76.3C264.3 76.2 64 276.4 64 523.5 64 718.9 189.3 885 363.8 946c23.5 5.9 19.9-10.8 19.9-22.2v-77.5c-135.7 15.9-141.2-73.9-150.3-88.9C215 726 171.5 718 184.5 703c30.9-15.9 62.4 4 98.9 57.9 26.4 39.1 77.9 32.5 104 26 5.7-23.5 17.9-44.5 34.7-60.8-140.6-25.2-199.2-111-199.2-213 0-49.5 16.3-95 48.3-131.7-20.4-60.5 1.9-112.3 4.9-120 58.1-5.2 118.5 41.6 123.2 45.3 33-8.9 70.7-13.6 112.9-13.6 42.4 0 80.2 4.9 113.5 13.9 11.3-8.6 67.3-48.8 121.3-43.9 2.9 7.7 24.7 58.3 5.5 118 32.4 36.8 48.9 82.7 48.9 132.3 0 102.2-59 188.1-200 212.9a127.5 127.5 0 0 1 38.1 91v112.5c.8 9 0 17.9 15 17.9 177.1-59.7 304.6-227 304.6-424.1 0-247.2-200.4-447.3-447.5-447.3z"
              />
            </svg>
          </a>
          <a
            class="c6"
            href="https://www.linkedin.com/in/gabriel-hammer/"
            target="_blank"
          >
            <svg
              fill="currentColor"
              height="1em"
              stroke="currentColor"
              stroke-width="0"
              viewBox="0 0 1024 1024"
              width="1em"
              xmlns="http://www.w3.org/2000/svg"
            >
              <path
                d="M880 112H144c-17.7 0-32 14.3-32 32v736c0 17.7 14.3 32 32 32h736c17.7 0 32-14.3 32-32V144c0-17.7-14.3-32-32-32zM349.3 793.7H230.6V411.9h118.7v381.8zm-59.3-434a68.8 68.8 0 1 1 68.8-68.8c-.1 38-30.9 68.8-68.8 68.8zm503.7 434H675.1V608c0-44.3-.8-101.2-61.7-101.2-61.7 0-71.2 48.2-71.2 98v188.9H423.7V411.9h113.8v52.2h1.6c15.8-30 54.5-61.7 112.3-61.7 120.2 0 142.3 79.1 142.3 181.9v209.4z"
              />
            </svg>
          </a>
          <a
            class="c6"
            href="https://www.instagram.com/ga.hmc/"
            target="_blank"
          >
            <svg
              fill="currentColor"
              height="1em"
              stroke="currentColor"
              stroke-width="0"
              viewBox="0 0 1024 1024"
              width="1em"
              xmlns="http://www.w3.org/2000/svg"
            >
              <path
                d="M512 378.7c-73.4 0-133.3 59.9-133.3 133.3S438.6 645.3 512 645.3 645.3 585.4 645.3 512 585.4 378.7 512 378.7zM911.8 512c0-55.2.5-109.9-2.6-165-3.1-64-17.7-120.8-64.5-167.6-46.9-46.9-103.6-61.4-167.6-64.5-55.2-3.1-109.9-2.6-165-2.6-55.2 0-109.9-.5-165 2.6-64 3.1-120.8 17.7-167.6 64.5C132.6 226.3 118.1 283 115 347c-3.1 55.2-2.6 109.9-2.6 165s-.5 109.9 2.6 165c3.1 64 17.7 120.8 64.5 167.6 46.9 46.9 103.6 61.4 167.6 64.5 55.2 3.1 109.9 2.6 165 2.6 55.2 0 109.9.5 165-2.6 64-3.1 120.8-17.7 167.6-64.5 46.9-46.9 61.4-103.6 64.5-167.6 3.2-55.1 2.6-109.8 2.6-165zM512 717.1c-113.5 0-205.1-91.6-205.1-205.1S398.5 306.9 512 306.9 717.1 398.5 717.1 512 625.5 717.1 512 717.1zm213.5-370.7c-26.5 0-47.9-21.4-47.9-47.9s21.4-47.9 47.9-47.9 47.9 21.4 47.9 47.9a47.84 47.84 0 0 1-47.9 47.9z"
              />
            </svg>
          </a>
          <a
            class="c6"
            href="https://twitter.com/Dev_GaHammer/"
            target="_blank"
          >
            <svg
              fill="currentColor"
              height="1em"
              stroke="currentColor"
              stroke-width="0"
              viewBox="0 0 1024 1024"
              width="1em"
              xmlns="http://www.w3.org/2000/svg"
            >
              <path
                d="M512 64C264.6 64 64 264.6 64 512s200.6 448 448 448 448-200.6 448-448S759.4 64 512 64zm215.3 337.7c.3 4.7.3 9.6.3 14.4 0 146.8-111.8 315.9-316.1 315.9-63 0-121.4-18.3-170.6-49.8 9 1 17.6 1.4 26.8 1.4 52 0 99.8-17.6 137.9-47.4-48.8-1-89.8-33-103.8-77 17.1 2.5 32.5 2.5 50.1-2a111 111 0 0 1-88.9-109v-1.4c14.7 8.3 32 13.4 50.1 14.1a111.13 111.13 0 0 1-49.5-92.4c0-20.7 5.4-39.6 15.1-56a315.28 315.28 0 0 0 229 116.1C492 353.1 548.4 292 616.2 292c32 0 60.8 13.4 81.1 35 25.1-4.7 49.1-14.1 70.5-26.7-8.3 25.7-25.7 47.4-48.8 61.1 22.4-2.4 44-8.6 64-17.3-15.1 22.2-34 41.9-55.7 57.6z"
              />
            </svg>
          </a>
        </div>
      </section>
      <div
        class="c7"
      >
        <picture>
          <source
            media="(max-width: 768px)"
            srcset="/backgrounds/waves100px.svg"
          />
          <source
            media="(min-width: 768px)"
            srcset="/backgrounds/waves150px.svg"
          />
          <img
            alt="Two waves of different tons of blue"
            src="/backgrounds/waves150px.svg"
          />
        </picture>
      </div>
    </div>
  </body>,
  "container": .c1 {
  position: absolute;
  right: 20px;
  top: 20px;
  outline: none;
  border: none;
  cursor: pointer;
  width: 50px;
  height: 50px;
  border-radius: 50%;
  background: transparent;
}

.c6 {
  color: inherit;
}

.c2 {
  position: relative;
  border: 1px solid #FBFBFB;
  width: 150px;
  height: 200px;
  margin: 0 auto;
}

.c2::before {
  content: '';
  z-index: 1;
  position: absolute;
  top: -40px;
  left: -40px;
  width: 60px;
  height: 60px;
  background-image: url('/svg/dots.svg');
  background-size: cover;
  background-position: center;
}

.c2 img {
  position: relative;
  z-index: 2;
  object-fit: cover;
  object-position: center;
  max-width: 150px;
  margin-left: -30px;
  margin-top: -15px;
  height: 100%;
  width: 100%;
}

.c3 {
  font-size: 2.375rem;
  color: #FBFBFB;
  font-weight: 800;
  margin-bottom: 20px;
  text-transform: uppercase;
}

.c4 {
  font-size: 1.5rem;
  color: #FBFBFB;
  font-weight: 500;
}

.c0 {
  position: relative;
  height: 60vh;
  padding: 150px 20px 0;
  background-color: #000C24;
}

.c0::before {
  content: '';
  position: absolute;
  top: -50px;
  left: -50px;
  width: 150px;
  height: 150px;
  background-image: url(/svg/blob1.svg);
  background-position: center;
  background-repeat: no-repeat;
  background-size: cover;
}

.c0 h1 {
  margin-top: 50px;
  line-height: 100%;
}

.c0 h3 {
  font-size: 1.2rem;
  margin-bottom: 2.5rem;
}

.c7 {
  height: clamp(100px,30vh,300px);
}

.c7 img {
  object-fit: cover;
  width: 100%;
}

.c5 {
  color: #FBFBFB;
  font-size: 32px;
  display: -webkit-box;
  display: -webkit-flex;
  display: -ms-flexbox;
  display: flex;
  -webkit-align-items: center;
  -webkit-box-align: center;
  -ms-flex-align: center;
  align-items: center;
  -webkit-box-pack: center;
  -webkit-justify-content: center;
  -ms-flex-pack: center;
  justify-content: center;
  gap: 1.5rem;
}

@media (min-width:900px) {
  .c5 {
    -webkit-box-pack: start;
    -webkit-justify-content: flex-start;
    -ms-flex-pack: start;
    justify-content: flex-start;
  }
}

<div>
    <section
      class="c0"
    >
      <button
        class="c1"
      >
        <svg
          height="23"
          viewBox="0 0 23 23"
          width="23"
        >
          <path
            fill="transparent"
            stroke="white"
            stroke-linecap="square"
            stroke-width="2"
          />
          <path
            d="M 2 9.423 L 20 9.423"
            fill="transparent"
            stroke="white"
            stroke-linecap="square"
            stroke-width="2"
          />
          <path
            fill="transparent"
            stroke="white"
            stroke-linecap="square"
            stroke-width="2"
          />
        </svg>
      </button>
      <div
        class="c2"
      >
        <img
          alt="A profile picture of myself"
          src="/img/BGprofile.jpg"
        />
      </div>
      <h1
        class="c3"
      >
        HAMMER
      </h1>
      <h3
        class="c4"
      >
        Engineer + Junior Front-end Developer
      </h3>
      <div
        class="c5"
      >
        <a
          class="c6"
          href="https://github.com/GabrielHammermeister"
          target="_blank"
        >
          <svg
            fill="currentColor"
            height="1em"
            stroke="currentColor"
            stroke-width="0"
            viewBox="0 0 1024 1024"
            width="1em"
            xmlns="http://www.w3.org/2000/svg"
          >
            <path
              d="M511.6 76.3C264.3 76.2 64 276.4 64 523.5 64 718.9 189.3 885 363.8 946c23.5 5.9 19.9-10.8 19.9-22.2v-77.5c-135.7 15.9-141.2-73.9-150.3-88.9C215 726 171.5 718 184.5 703c30.9-15.9 62.4 4 98.9 57.9 26.4 39.1 77.9 32.5 104 26 5.7-23.5 17.9-44.5 34.7-60.8-140.6-25.2-199.2-111-199.2-213 0-49.5 16.3-95 48.3-131.7-20.4-60.5 1.9-112.3 4.9-120 58.1-5.2 118.5 41.6 123.2 45.3 33-8.9 70.7-13.6 112.9-13.6 42.4 0 80.2 4.9 113.5 13.9 11.3-8.6 67.3-48.8 121.3-43.9 2.9 7.7 24.7 58.3 5.5 118 32.4 36.8 48.9 82.7 48.9 132.3 0 102.2-59 188.1-200 212.9a127.5 127.5 0 0 1 38.1 91v112.5c.8 9 0 17.9 15 17.9 177.1-59.7 304.6-227 304.6-424.1 0-247.2-200.4-447.3-447.5-447.3z"
            />
          </svg>
        </a>
        <a
          class="c6"
          href="https://www.linkedin.com/in/gabriel-hammer/"
          target="_blank"
        >
          <svg
            fill="currentColor"
            height="1em"
            stroke="currentColor"
            stroke-width="0"
            viewBox="0 0 1024 1024"
            width="1em"
            xmlns="http://www.w3.org/2000/svg"
          >
            <path
              d="M880 112H144c-17.7 0-32 14.3-32 32v736c0 17.7 14.3 32 32 32h736c17.7 0 32-14.3 32-32V144c0-17.7-14.3-32-32-32zM349.3 793.7H230.6V411.9h118.7v381.8zm-59.3-434a68.8 68.8 0 1 1 68.8-68.8c-.1 38-30.9 68.8-68.8 68.8zm503.7 434H675.1V608c0-44.3-.8-101.2-61.7-101.2-61.7 0-71.2 48.2-71.2 98v188.9H423.7V411.9h113.8v52.2h1.6c15.8-30 54.5-61.7 112.3-61.7 120.2 0 142.3 79.1 142.3 181.9v209.4z"
            />
          </svg>
        </a>
        <a
          class="c6"
          href="https://www.instagram.com/ga.hmc/"
          target="_blank"
        >
          <svg
            fill="currentColor"
            height="1em"
            stroke="currentColor"
            stroke-width="0"
            viewBox="0 0 1024 1024"
            width="1em"
            xmlns="http://www.w3.org/2000/svg"
          >
            <path
              d="M512 378.7c-73.4 0-133.3 59.9-133.3 133.3S438.6 645.3 512 645.3 645.3 585.4 645.3 512 585.4 378.7 512 378.7zM911.8 512c0-55.2.5-109.9-2.6-165-3.1-64-17.7-120.8-64.5-167.6-46.9-46.9-103.6-61.4-167.6-64.5-55.2-3.1-109.9-2.6-165-2.6-55.2 0-109.9-.5-165 2.6-64 3.1-120.8 17.7-167.6 64.5C132.6 226.3 118.1 283 115 347c-3.1 55.2-2.6 109.9-2.6 165s-.5 109.9 2.6 165c3.1 64 17.7 120.8 64.5 167.6 46.9 46.9 103.6 61.4 167.6 64.5 55.2 3.1 109.9 2.6 165 2.6 55.2 0 109.9.5 165-2.6 64-3.1 120.8-17.7 167.6-64.5 46.9-46.9 61.4-103.6 64.5-167.6 3.2-55.1 2.6-109.8 2.6-165zM512 717.1c-113.5 0-205.1-91.6-205.1-205.1S398.5 306.9 512 306.9 717.1 398.5 717.1 512 625.5 717.1 512 717.1zm213.5-370.7c-26.5 0-47.9-21.4-47.9-47.9s21.4-47.9 47.9-47.9 47.9 21.4 47.9 47.9a47.84 47.84 0 0 1-47.9 47.9z"
            />
          </svg>
        </a>
        <a
          class="c6"
          href="https://twitter.com/Dev_GaHammer/"
          target="_blank"
        >
          <svg
            fill="currentColor"
            height="1em"
            stroke="currentColor"
            stroke-width="0"
            viewBox="0 0 1024 1024"
            width="1em"
            xmlns="http://www.w3.org/2000/svg"
          >
            <path
              d="M512 64C264.6 64 64 264.6 64 512s200.6 448 448 448 448-200.6 448-448S759.4 64 512 64zm215.3 337.7c.3 4.7.3 9.6.3 14.4 0 146.8-111.8 315.9-316.1 315.9-63 0-121.4-18.3-170.6-49.8 9 1 17.6 1.4 26.8 1.4 52 0 99.8-17.6 137.9-47.4-48.8-1-89.8-33-103.8-77 17.1 2.5 32.5 2.5 50.1-2a111 111 0 0 1-88.9-109v-1.4c14.7 8.3 32 13.4 50.1 14.1a111.13 111.13 0 0 1-49.5-92.4c0-20.7 5.4-39.6 15.1-56a315.28 315.28 0 0 0 229 116.1C492 353.1 548.4 292 616.2 292c32 0 60.8 13.4 81.1 35 25.1-4.7 49.1-14.1 70.5-26.7-8.3 25.7-25.7 47.4-48.8 61.1 22.4-2.4 44-8.6 64-17.3-15.1 22.2-34 41.9-55.7 57.6z"
            />
          </svg>
        </a>
      </div>
    </section>
    <div
      class="c7"
    >
      <picture>
        <source
          media="(max-width: 768px)"
          srcset="/backgrounds/waves100px.svg"
        />
        <source
          media="(min-width: 768px)"
          srcset="/backgrounds/waves150px.svg"
        />
        <img
          alt="Two waves of different tons of blue"
          src="/backgrounds/waves150px.svg"
        />
      </picture>
    </div>
  </div>,
  "debug": [Function],
  "findAllByAltText": [Function],
  "findAllByDisplayValue": [Function],
  "findAllByLabelText": [Function],
  "findAllByPlaceholderText": [Function],
  "findAllByRole": [Function],
  "findAllByTestId": [Function],
  "findAllByText": [Function],
  "findAllByTitle": [Function],
  "findByAltText": [Function],
  "findByDisplayValue": [Function],
  "findByLabelText": [Function],
  "findByPlaceholderText": [Function],
  "findByRole": [Function],
  "findByTestId": [Function],
  "findByText": [Function],
  "findByTitle": [Function],
  "getAllByAltText": [Function],
  "getAllByDisplayValue": [Function],
  "getAllByLabelText": [Function],
  "getAllByPlaceholderText": [Function],
  "getAllByRole": [Function],
  "getAllByTestId": [Function],
  "getAllByText": [Function],
  "getAllByTitle": [Function],
  "getByAltText": [Function],
  "getByDisplayValue": [Function],
  "getByLabelText": [Function],
  "getByPlaceholderText": [Function],
  "getByRole": [Function],
  "getByTestId": [Function],
  "getByText": [Function],
  "getByTitle": [Function],
  "queryAllByAltText": [Function],
  "queryAllByDisplayValue": [Function],
  "queryAllByLabelText": [Function],
  "queryAllByPlaceholderText": [Function],
  "queryAllByRole": [Function],
  "queryAllByTestId": [Function],
  "queryAllByText": [Function],
  "queryAllByTitle": [Function],
  "queryByAltText": [Function],
  "queryByDisplayValue": [Function],
  "queryByLabelText": [Function],
  "queryByPlaceholderText": [Function],
  "queryByRole": [Function],
  "queryByTestId": [Function],
  "queryByText": [Function],
  "queryByTitle": [Function],
  "rerender": [Function],
  "unmount": [Function],
}
`
