// Jest Snapshot v1, https://goo.gl/fbAQLP

exports[`<WelcomeSection /> should render the heading 1`] = `
Object {
  "asFragment": [Function],
  "baseElement": .c4 {
  color: white;
  border: none;
  padding: 10px 20px;
  border-radius: 2px;
  height: 47px;
  font-size: 20px;
  font-weight: 500;
  line-height: 29px;
}

.c0 {
  display: -webkit-box;
  display: -webkit-flex;
  display: -ms-flexbox;
  display: flex;
  -webkit-flex-direction: column;
  -ms-flex-direction: column;
  flex-direction: column;
  -webkit-align-items: center;
  -webkit-box-align: center;
  -ms-flex-align: center;
  align-items: center;
  gap: 35px;
}

.c2 {
  -webkit-flex: 1;
  -ms-flex: 1;
  flex: 1;
}

.c2 h1 {
  margin-bottom: 20px;
}

.c2 hr {
  margin-bottom: 20px;
  border: none;
}

.c2 p {
  margin-bottom: 27px;
}

.c1 {
  -webkit-flex: 0.7;
  -ms-flex: 0.7;
  flex: 0.7;
  overflow: hidden;
  border-radius: 50%;
  min-width: 170px;
  max-width: 300px;
  -webkit-filter: drop-shadow(-5px 7px 0px #99c3cf);
  filter: drop-shadow(-5px 7px 0px #99c3cf);
}

.c1 img {
  object-fit: cover;
  width: 100%;
}

@media (min-width:900px) {
  .c0 {
    -webkit-flex-direction: row-reverse;
    -ms-flex-direction: row-reverse;
    flex-direction: row-reverse;
    -webkit-align-items: flex-start;
    -webkit-box-align: flex-start;
    -ms-flex-align: flex-start;
    align-items: flex-start;
    -webkit-box-pack: justify;
    -webkit-justify-content: space-between;
    -ms-flex-pack: justify;
    justify-content: space-between;
  }
}

@media (min-width:900px) {
  .c2 {
    display: -webkit-box;
    display: -webkit-flex;
    display: -ms-flexbox;
    display: flex;
    -webkit-flex-direction: column;
    -ms-flex-direction: column;
    flex-direction: column;
    max-width: 900px;
  }

  .c2 h1 {
    margin-bottom: 40px;
    text-align: left;
  }

  .c2 p {
    margin-bottom: 47px;
    text-align: left;
  }

  .c2 .c3 {
    margin-right: auto;
  }
}

<body>
    <div>
      <main
        class="c0"
      >
        <div
          class="c1"
        >
          <div
            style="display: block; overflow: hidden; position: relative; box-sizing: border-box; margin: 0px;"
          >
            <div
              style="display: block; box-sizing: border-box; padding-top: 100%;"
            />
            <img
              alt="Imagem do autor do site"
              data-nimg="responsive"
              decoding="async"
              src="data:image/gif;base64,R0lGODlhAQABAIAAAAAAAP///yH5BAEAAAAALAAAAAABAAEAAAIBRAA7"
              style="position: absolute; top: 0px; left: 0px; bottom: 0px; right: 0px; box-sizing: border-box; padding: 0px; margin: auto; display: block; width: 0px; height: 0px; min-width: 100%; max-width: 100%; min-height: 100%; max-height: 100%; object-position: top;"
            />
            <noscript />
          </div>
        </div>
        <aside
          class="c2"
        >
          <h1>
            Hi, I’m Gabriel
            <hr />
            A Web Developer
          </h1>
          <p>
            Amet minim mollit non deserunt ullamco est sit aliqua dolor do amet sint. Velit officia consequat duis enim velit mollit. Exercitation veniam consequat sunt nostrud amet.
          </p>
          <button
            class="c3 c4"
          >
            Download Resume
          </button>
        </aside>
      </main>
    </div>
  </body>,
  "container": <div>
    <main
      class="sc-gsTEea beyfrM"
    >
      <div
        class="sc-hKgJUU fmvHVk"
      >
        <div
          style="display: block; overflow: hidden; position: relative; box-sizing: border-box; margin: 0px;"
        >
          <div
            style="display: block; box-sizing: border-box; padding-top: 100%;"
          />
          <img
            alt="Imagem do autor do site"
            data-nimg="responsive"
            decoding="async"
            src="data:image/gif;base64,R0lGODlhAQABAIAAAAAAAP///yH5BAEAAAAALAAAAAABAAEAAAIBRAA7"
            style="position: absolute; top: 0px; left: 0px; bottom: 0px; right: 0px; box-sizing: border-box; padding: 0px; margin: auto; display: block; width: 0px; height: 0px; min-width: 100%; max-width: 100%; min-height: 100%; max-height: 100%; object-position: top;"
          />
          <noscript />
        </div>
      </div>
      <aside
        class="sc-dlfnuX hruwSX"
      >
        <h1>
          Hi, I’m Gabriel
          <hr />
          A Web Developer
        </h1>
        <p>
          Amet minim mollit non deserunt ullamco est sit aliqua dolor do amet sint. Velit officia consequat duis enim velit mollit. Exercitation veniam consequat sunt nostrud amet.
        </p>
        <button
          class="sc-bdfBQB gdlpc"
        >
          Download Resume
        </button>
      </aside>
    </main>
  </div>,
  "debug": [Function],
  "findAllByAltText": [Function],
  "findAllByDisplayValue": [Function],
  "findAllByLabelText": [Function],
  "findAllByPlaceholderText": [Function],
  "findAllByRole": [Function],
  "findAllByTestId": [Function],
  "findAllByText": [Function],
  "findAllByTitle": [Function],
  "findByAltText": [Function],
  "findByDisplayValue": [Function],
  "findByLabelText": [Function],
  "findByPlaceholderText": [Function],
  "findByRole": [Function],
  "findByTestId": [Function],
  "findByText": [Function],
  "findByTitle": [Function],
  "getAllByAltText": [Function],
  "getAllByDisplayValue": [Function],
  "getAllByLabelText": [Function],
  "getAllByPlaceholderText": [Function],
  "getAllByRole": [Function],
  "getAllByTestId": [Function],
  "getAllByText": [Function],
  "getAllByTitle": [Function],
  "getByAltText": [Function],
  "getByDisplayValue": [Function],
  "getByLabelText": [Function],
  "getByPlaceholderText": [Function],
  "getByRole": [Function],
  "getByTestId": [Function],
  "getByText": [Function],
  "getByTitle": [Function],
  "queryAllByAltText": [Function],
  "queryAllByDisplayValue": [Function],
  "queryAllByLabelText": [Function],
  "queryAllByPlaceholderText": [Function],
  "queryAllByRole": [Function],
  "queryAllByTestId": [Function],
  "queryAllByText": [Function],
  "queryAllByTitle": [Function],
  "queryByAltText": [Function],
  "queryByDisplayValue": [Function],
  "queryByLabelText": [Function],
  "queryByPlaceholderText": [Function],
  "queryByRole": [Function],
  "queryByTestId": [Function],
  "queryByText": [Function],
  "queryByTitle": [Function],
  "rerender": [Function],
  "unmount": [Function],
}
`
